\BOOKMARK [1][-]{section.1}{\376\377\000E\000x\000e\000c\000u\000t\000i\000v\000e\000\040\000S\000u\000m\000m\000a\000r\000y}{}% 1
\BOOKMARK [1][-]{section.2}{\376\377\000S\000u\000b\000j\000e\000c\000t\000-\000w\000i\000s\000e\000\040\000P\000e\000r\000f\000o\000r\000m\000a\000n\000c\000e}{}% 2
\BOOKMARK [1][-]{section.3}{\376\377\000M\000i\000s\000t\000a\000k\000e\000\040\000P\000a\000t\000t\000e\000r\000n\000\040\000A\000n\000a\000l\000y\000s\000i\000s}{}% 3
\BOOKMARK [1][-]{section.4}{\376\377\000F\000o\000c\000u\000s\000\040\000A\000r\000e\000a\000s\000\040\000\050\000W\000e\000a\000k\000\040\000S\000u\000b\000j\000e\000c\000t\000s\000\051}{}% 4
\BOOKMARK [1][-]{section.5}{\376\377\000S\000t\000r\000e\000n\000g\000t\000h\000\040\000A\000r\000e\000a\000s}{}% 5
\BOOKMARK [1][-]{section.6}{\376\377\000P\000e\000r\000s\000o\000n\000a\000l\000i\000z\000e\000d\000\040\000R\000e\000c\000o\000m\000m\000e\000n\000d\000a\000t\000i\000o\000n\000s}{}% 6
\BOOKMARK [2][-]{subsection.6.1}{\376\377\000R\000e\000c\000o\000m\000m\000e\000n\000d\000a\000t\000i\000o\000n\000\040\0001\000:\000\040\000S\000u\000b\000j\000e\000c\000t\000\040\000F\000o\000c\000u\000s}{section.6}% 7
\BOOKMARK [2][-]{subsection.6.2}{\376\377\000R\000e\000c\000o\000m\000m\000e\000n\000d\000a\000t\000i\000o\000n\000\040\0002\000:\000\040\000S\000u\000b\000j\000e\000c\000t\000\040\000F\000o\000c\000u\000s}{section.6}% 8
\BOOKMARK [2][-]{subsection.6.3}{\376\377\000R\000e\000c\000o\000m\000m\000e\000n\000d\000a\000t\000i\000o\000n\000\040\0003\000:\000\040\000S\000u\000b\000j\000e\000c\000t\000\040\000F\000o\000c\000u\000s}{section.6}% 9
\BOOKMARK [2][-]{subsection.6.4}{\376\377\000R\000e\000c\000o\000m\000m\000e\000n\000d\000a\000t\000i\000o\000n\000\040\0004\000:\000\040\000S\000u\000b\000j\000e\000c\000t\000\040\000F\000o\000c\000u\000s}{section.6}% 10
\BOOKMARK [2][-]{subsection.6.5}{\376\377\000R\000e\000c\000o\000m\000m\000e\000n\000d\000a\000t\000i\000o\000n\000\040\0005\000:\000\040\000M\000i\000s\000t\000a\000k\000e\000\040\000P\000a\000t\000t\000e\000r\000n}{section.6}% 11
\BOOKMARK [2][-]{subsection.6.6}{\376\377\000R\000e\000c\000o\000m\000m\000e\000n\000d\000a\000t\000i\000o\000n\000\040\0006\000:\000\040\000S\000t\000r\000e\000n\000g\000t\000h\000\040\000M\000a\000i\000n\000t\000e\000n\000a\000n\000c\000e}{section.6}% 12
\BOOKMARK [1][-]{section.7}{\376\377\000D\000e\000t\000a\000i\000l\000e\000d\000\040\000M\000i\000s\000t\000a\000k\000e\000\040\000A\000n\000a\000l\000y\000s\000i\000s}{}% 13
\BOOKMARK [2][-]{subsubsection.7.0.1}{\376\377\000Q\000u\000e\000s\000t\000i\000o\000n\000\040\0001\000:\000\040\000P\000o\000l\000i\000t\000y}{section.7}% 14
\BOOKMARK [3][-]{subsubsection.7.0.2}{\376\377\000Q\000u\000e\000s\000t\000i\000o\000n\000\040\0003\000:\000\040\000P\000o\000l\000i\000t\000y}{subsubsection.7.0.1}% 15
\BOOKMARK [3][-]{subsubsection.7.0.3}{\376\377\000Q\000u\000e\000s\000t\000i\000o\000n\000\040\0005\000:\000\040\000P\000o\000l\000i\000t\000y}{subsubsection.7.0.1}% 16
\BOOKMARK [3][-]{subsubsection.7.0.4}{\376\377\000Q\000u\000e\000s\000t\000i\000o\000n\000\040\0006\000:\000\040\000P\000o\000l\000i\000t\000y}{subsubsection.7.0.1}% 17
\BOOKMARK [3][-]{subsubsection.7.0.5}{\376\377\000Q\000u\000e\000s\000t\000i\000o\000n\000\040\0008\000:\000\040\000P\000o\000l\000i\000t\000y}{subsubsection.7.0.1}% 18
\BOOKMARK [3][-]{subsubsection.7.0.6}{\376\377\000Q\000u\000e\000s\000t\000i\000o\000n\000\040\0001\0002\000:\000\040\000H\000i\000s\000t\000o\000r\000y}{subsubsection.7.0.1}% 19
\BOOKMARK [3][-]{subsubsection.7.0.7}{\376\377\000Q\000u\000e\000s\000t\000i\000o\000n\000\040\0001\0007\000:\000\040\000G\000e\000o\000g\000r\000a\000p\000h\000y}{subsubsection.7.0.1}% 20
\BOOKMARK [3][-]{subsubsection.7.0.8}{\376\377\000Q\000u\000e\000s\000t\000i\000o\000n\000\040\0001\0008\000:\000\040\000G\000e\000o\000g\000r\000a\000p\000h\000y}{subsubsection.7.0.1}% 21
\BOOKMARK [3][-]{subsubsection.7.0.9}{\376\377\000Q\000u\000e\000s\000t\000i\000o\000n\000\040\0002\0001\000:\000\040\000G\000e\000o\000g\000r\000a\000p\000h\000y}{subsubsection.7.0.1}% 22
\BOOKMARK [3][-]{subsubsection.7.0.10}{\376\377\000Q\000u\000e\000s\000t\000i\000o\000n\000\040\0002\0003\000:\000\040\000G\000e\000o\000g\000r\000a\000p\000h\000y}{subsubsection.7.0.1}% 23
\BOOKMARK [3][-]{subsubsection.7.0.11}{\376\377\000Q\000u\000e\000s\000t\000i\000o\000n\000\040\0002\0004\000:\000\040\000E\000c\000o\000n\000o\000m\000y}{subsubsection.7.0.1}% 24
\BOOKMARK [3][-]{subsubsection.7.0.12}{\376\377\000Q\000u\000e\000s\000t\000i\000o\000n\000\040\0002\0005\000:\000\040\000E\000c\000o\000n\000o\000m\000y}{subsubsection.7.0.1}% 25
\BOOKMARK [3][-]{subsubsection.7.0.13}{\376\377\000Q\000u\000e\000s\000t\000i\000o\000n\000\040\0002\0008\000:\000\040\000E\000c\000o\000n\000o\000m\000y}{subsubsection.7.0.1}% 26
\BOOKMARK [3][-]{subsubsection.7.0.14}{\376\377\000Q\000u\000e\000s\000t\000i\000o\000n\000\040\0002\0009\000:\000\040\000E\000c\000o\000n\000o\000m\000y}{subsubsection.7.0.1}% 27
\BOOKMARK [3][-]{subsubsection.7.0.15}{\376\377\000Q\000u\000e\000s\000t\000i\000o\000n\000\040\0003\0000\000:\000\040\000E\000c\000o\000n\000o\000m\000y}{subsubsection.7.0.1}% 28
\BOOKMARK [3][-]{subsubsection.7.0.16}{\376\377\000Q\000u\000e\000s\000t\000i\000o\000n\000\040\0003\0004\000:\000\040\000S\000c\000i\000e\000n\000c\000e}{subsubsection.7.0.1}% 29
\BOOKMARK [3][-]{subsubsection.7.0.17}{\376\377\000Q\000u\000e\000s\000t\000i\000o\000n\000\040\0003\0006\000:\000\040\000S\000c\000i\000e\000n\000c\000e}{subsubsection.7.0.1}% 30
\BOOKMARK [3][-]{subsubsection.7.0.18}{\376\377\000Q\000u\000e\000s\000t\000i\000o\000n\000\040\0003\0007\000:\000\040\000E\000n\000v\000i\000r\000o\000n\000m\000e\000n\000t}{subsubsection.7.0.1}% 31
\BOOKMARK [3][-]{subsubsection.7.0.19}{\376\377\000Q\000u\000e\000s\000t\000i\000o\000n\000\040\0004\0000\000:\000\040\000E\000n\000v\000i\000r\000o\000n\000m\000e\000n\000t}{subsubsection.7.0.1}% 32
\BOOKMARK [3][-]{subsubsection.7.0.20}{\376\377\000Q\000u\000e\000s\000t\000i\000o\000n\000\040\0004\0001\000:\000\040\000E\000n\000v\000i\000r\000o\000n\000m\000e\000n\000t}{subsubsection.7.0.1}% 33
\BOOKMARK [3][-]{subsubsection.7.0.21}{\376\377\000Q\000u\000e\000s\000t\000i\000o\000n\000\040\0004\0005\000:\000\040\000C\000u\000r\000r\000e\000n\000t\000\040\000A\000f\000f\000a\000i\000r\000s}{subsubsection.7.0.1}% 34
\BOOKMARK [3][-]{subsubsection.7.0.22}{\376\377\000Q\000u\000e\000s\000t\000i\000o\000n\000\040\0004\0008\000:\000\040\000C\000u\000r\000r\000e\000n\000t\000\040\000A\000f\000f\000a\000i\000r\000s}{subsubsection.7.0.1}% 35
